-- RESULTADO RESUMIDO --

-- ELEMENTOS REQUERIDOS COBERTOS --
1) <6-1, 19-1, s_a>, cobertura 36.18%
2) <7-1, 19-1, s_a>, cobertura 0.44%
3) <10-1, 19-1, s_b>, cobertura 36.18%
4) <11-1, 19-1, s_b>, cobertura 17.14%

-- ELEMENTOS REQUERIDOS N√ÉO COBERTOS --

Threads: 3684 / 16384
Coverage for the todos-bloco-c-usos-grid criterion: 22.49%
