-- RESULTADO RESUMIDO --

-- ELEMENTOS REQUERIDOS COBERTOS --
1) <1-1, (14-1, 15-1), idx>, cobertura 2.95%
2) <1-1, (14-1, 22-1), idx>, cobertura 97.05%
3) <1-1, (14-1, 15-1), N>, cobertura 2.95%
4) <1-1, (14-1, 22-1), N>, cobertura 97.05%
5) <1-1, (14-1, 15-1), idy>, cobertura 2.95%
6) <1-1, (14-1, 22-1), idy>, cobertura 97.05%
7) <1-1, (26-1, 27-1), idx>, cobertura 2.95%
8) <1-1, (26-1, 28-1), idx>, cobertura 97.05%
9) <1-1, (26-1, 27-1), N>, cobertura 2.95%
10) <1-1, (26-1, 28-1), N>, cobertura 97.05%
11) <1-1, (26-1, 27-1), idy>, cobertura 2.95%
12) <1-1, (26-1, 28-1), idy>, cobertura 97.05%
13) <2-1, (3-1, 4-1), tile_idx>, cobertura 100.00%
14) <2-1, (3-1, 25-1), tile_idx>, cobertura 100.00%
15) <4-1, (5-1, 6-1), posa>, cobertura 16.70%
16) <4-1, (5-1, 7-1), posa>, cobertura 89.94%
17) <4-1, (9-1, 10-1), posb>, cobertura 53.61%
18) <4-1, (9-1, 11-1), posb>, cobertura 100.00%
19) <6-1, (18-1, 19-1), s_a>, cobertura 2.69%
20) <6-1, (18-1, 20-1), s_a>, cobertura 2.95%
22) <7-1, (18-1, 20-1), s_a>, cobertura 1.17%
23) <10-1, (18-1, 19-1), s_b>, cobertura 2.69%
24) <10-1, (18-1, 20-1), s_b>, cobertura 2.95%
26) <11-1, (18-1, 20-1), s_b>, cobertura 2.95%
27) <16-1, (17-1, 18-1), i>, cobertura 2.95%
28) <16-1, (17-1, 22-1), i>, cobertura 2.95%

-- ELEMENTOS REQUERIDOS N√ÉO COBERTOS --
21) <7-1, (18-1, 19-1), s_a>
25) <11-1, (18-1, 19-1), s_b>

Threads: 44301 / 114688
Coverage for the todos-p-usos-grid criterion: 38.63%
