-- RESULTADO RESUMIDO --

-- ELEMENTOS REQUERIDOS COBERTOS --
1) <6-1, (18-1, 19-1), s_a>, cobertura 2.69%
2) <6-1, (18-1, 20-1), s_a>, cobertura 2.95%
4) <7-1, (18-1, 20-1), s_a>, cobertura 1.17%
5) <10-1, (18-1, 19-1), s_b>, cobertura 2.69%
6) <10-1, (18-1, 20-1), s_b>, cobertura 2.95%
8) <11-1, (18-1, 20-1), s_b>, cobertura 2.95%

-- ELEMENTOS REQUERIDOS N√ÉO COBERTOS --
3) <7-1, (18-1, 19-1), s_a>
7) <11-1, (18-1, 19-1), s_b>

Threads: 631 / 32768
Coverage for the todos-bloco-p-usos-grid criterion: 1.93%
