-- RESULTADO RESUMIDO --

-- ELEMENTOS REQUERIDOS COBERTOS --
1) 5-1 6-1, cobertura 21.68%
2) 5-1 7-1, cobertura 83.59%
3) 9-1 10-1, cobertura 76.17%
4) 9-1 11-1, cobertura 100.00%
5) 18-1 19-1, cobertura 4.44%
6) 18-1 20-1, cobertura 4.79%
7) 17-1 22-1, cobertura 4.79%
8) 26-1 27-1, cobertura 4.79%
9) 26-1 28-1, cobertura 95.21%

-- ELEMENTOS REQUERIDOS N√ÉO COBERTOS --

Threads: 16198 / 36864
Coverage for the todas-arestas-grid criterion: 43.94%
