-- RESULTADO RESUMIDO --

-- ELEMENTOS REQUERIDOS COBERTOS --
1) 6-0 7-0, coberto
2) 10-0 11-0, coberto
3) 21-0 22-0, coberto
4) 21-0 24-0, coberto
5) 18-0 25-0, coberto
6) 2-1 3-1, cobertura 0.01%
7) 2-1 4-1, cobertura 99.99%
9) 6-1 8-1, cobertura 0.01%
11) 9-1 11-1, cobertura 0.01%
12) 5-1 12-1, cobertura 99.99%
13) 15-0 1-1, cobertura 100.00%
14) 12-1 16-0, cobertura 100.00%

-- ELEMENTOS REQUERIDOS N√ÉO COBERTOS --
8) 6-1 7-1
10) 9-1 10-1

Threads: 65542 / 147461
Coverage for the todas-arestas criterion: 44.45%
