-- RESULTADO RESUMIDO --

-- ELEMENTOS REQUERIDOS COBERTOS --
1) <1-0, (15-0, 1-1), (2-1, 3-1), N, N>, cobertura 0.01%
2) <1-0, (15-0, 1-1), (2-1, 4-1), N, N>, cobertura 99.99%
3) <1-0, (15-0, 1-1), (5-1, 6-1), N, N>, cobertura 0.01%
4) <1-0, (15-0, 1-1), (5-1, 12-1), N, N>, cobertura 99.99%

-- ELEMENTOS REQUERIDOS N√ÉO COBERTOS --

Threads: 32768 / 65536
Coverage for the todos-s-p-usos criterion: 50.00%
