-- RESULTADO RESUMIDO --

-- ELEMENTOS REQUERIDOS COBERTOS --
1) <1-1, (2-1, 3-1), N>, cobertura 50.05%
2) <1-1, (2-1, 4-1), N>, cobertura 49.95%
3) <1-2, (2-2, 3-2), N>, cobertura 1.17%
4) <1-2, (2-2, 4-2), N>, cobertura 98.83%
5) <1-3, (2-3, 3-3), N>, cobertura 50.05%
6) <1-3, (2-3, 4-3), N>, cobertura 49.95%
7) <1-3, (8-3, 9-3), N>, cobertura 25.00%
8) <1-3, (8-3, 12-3), N>, cobertura 99.90%
9) <1-4, (2-4, 3-4), N>, cobertura 1.17%
10) <1-4, (2-4, 4-4), N>, cobertura 98.83%

-- ELEMENTOS REQUERIDOS N√ÉO COBERTOS --
11) <1-4, (8-4, 9-4), N>
12) <1-4, (8-4, 12-4), N>

Threads: 7166 / 13824
Coverage for the todos-global-p-usos-grid criterion: 51.84%
