-- RESULTADO RESUMIDO --

-- ELEMENTOS REQUERIDOS COBERTOS --
1) <1-1, 3-1, gridDim.x>, cobertura 100.00%
2) <1-1, 4-1, idy>, cobertura 100.00%
3) <1-1, 4-1, N>, cobertura 100.00%
4) <1-1, 4-1, threadIdx.x>, cobertura 100.00%
5) <1-1, 4-1, threadIdx.y>, cobertura 100.00%
6) <1-1, 4-1, idx>, cobertura 100.00%
7) <1-1, 5-1, N>, cobertura 100.00%
8) <1-1, 6-1, d_a>, cobertura 31.25%
9) <1-1, 6-1, threadIdx.y>, cobertura 31.25%
10) <1-1, 6-1, threadIdx.x>, cobertura 31.25%
11) <1-1, 7-1, threadIdx.y>, cobertura 72.27%
12) <1-1, 7-1, threadIdx.x>, cobertura 72.27%
13) <1-1, 9-1, N>, cobertura 100.00%
14) <1-1, 10-1, d_b>, cobertura 100.00%
15) <1-1, 10-1, threadIdx.y>, cobertura 100.00%
16) <1-1, 10-1, threadIdx.x>, cobertura 100.00%
17) <1-1, 11-1, threadIdx.y>, cobertura 100.00%
18) <1-1, 11-1, threadIdx.x>, cobertura 100.00%
19) <1-1, 18-1, threadIdx.y>, cobertura 9.77%
20) <1-1, 18-1, threadIdx.x>, cobertura 9.77%
21) <1-1, 19-1, temp_result>, cobertura 9.28%
22) <1-1, 19-1, threadIdx.y>, cobertura 9.28%
23) <1-1, 19-1, threadIdx.x>, cobertura 9.28%
24) <1-1, 27-1, pos>, cobertura 9.77%
25) <1-1, 27-1, temp_result>, cobertura 0.49%
26) <2-1, 4-1, tile_idx>, cobertura 100.00%
27) <2-1, 24-1, tile_idx>, cobertura 100.00%
28) <4-1, 6-1, posa>, cobertura 31.25%
29) <4-1, 10-1, posb>, cobertura 100.00%
30) <6-1, 19-1, s_a>, cobertura 9.28%
31) <7-1, 19-1, s_a>, cobertura 0.29%
32) <10-1, 19-1, s_b>, cobertura 9.28%
33) <11-1, 19-1, s_b>, cobertura 5.86%
34) <16-1, 18-1, i>, cobertura 9.77%
35) <16-1, 19-1, i>, cobertura 9.28%
36) <16-1, 21-1, i>, cobertura 9.77%
37) <19-1, 19-1, temp_result>, cobertura 9.28%
38) <19-1, 27-1, temp_result>, cobertura 9.28%
39) <1-1, (14-1, 15-1), idx>, cobertura 9.77%
40) <1-1, (14-1, 22-1), idx>, cobertura 90.23%
41) <1-1, (14-1, 15-1), N>, cobertura 9.77%
42) <1-1, (14-1, 22-1), N>, cobertura 90.23%
43) <1-1, (14-1, 15-1), idy>, cobertura 9.77%
44) <1-1, (14-1, 22-1), idy>, cobertura 90.23%
45) <1-1, (26-1, 27-1), idx>, cobertura 9.77%
46) <1-1, (26-1, 28-1), idx>, cobertura 90.23%
47) <1-1, (26-1, 27-1), N>, cobertura 9.77%
48) <1-1, (26-1, 28-1), N>, cobertura 90.23%
49) <1-1, (26-1, 27-1), idy>, cobertura 9.77%
50) <1-1, (26-1, 28-1), idy>, cobertura 90.23%
51) <2-1, (3-1, 4-1), tile_idx>, cobertura 100.00%
52) <2-1, (3-1, 25-1), tile_idx>, cobertura 100.00%
53) <4-1, (5-1, 6-1), posa>, cobertura 31.25%
54) <4-1, (5-1, 7-1), posa>, cobertura 72.27%
55) <4-1, (9-1, 10-1), posb>, cobertura 100.00%
56) <4-1, (9-1, 11-1), posb>, cobertura 100.00%
57) <6-1, (18-1, 19-1), s_a>, cobertura 9.28%
58) <6-1, (18-1, 20-1), s_a>, cobertura 9.77%
59) <7-1, (18-1, 19-1), s_a>, cobertura 0.29%
60) <7-1, (18-1, 20-1), s_a>, cobertura 1.07%
61) <10-1, (18-1, 19-1), s_b>, cobertura 9.28%
62) <10-1, (18-1, 20-1), s_b>, cobertura 9.77%
63) <11-1, (18-1, 19-1), s_b>, cobertura 5.86%
64) <11-1, (18-1, 20-1), s_b>, cobertura 9.77%
65) <16-1, (17-1, 18-1), i>, cobertura 9.77%
66) <16-1, (17-1, 22-1), i>, cobertura 9.77%

-- ELEMENTOS REQUERIDOS N√ÉO COBERTOS --

Threads: 130144 / 270336
Coverage for the todos-usos-grid criterion: 48.14%
