-- RESULTADO RESUMIDO --

-- ELEMENTOS REQUERIDOS COBERTOS --
1) <6-1, 19-1, s_a>, cobertura 1.56%
3) <10-1, 19-1, s_b>, cobertura 0.10%
4) <11-1, 19-1, s_b>, cobertura 1.46%

-- ELEMENTOS REQUERIDOS N√ÉO COBERTOS --
2) <7-1, 19-1, s_a>

Threads: 32 / 4096
Coverage for the todos-bloco-c-usos-grid criterion: 0.78%
