-- RESULTADO RESUMIDO --

-- ELEMENTOS REQUERIDOS COBERTOS --
1) <1-1, (2-1, 3-1), i>, cobertura 100.00%
2) <1-1, (2-1, 6-1), i>, cobertura 99.99%
3) <1-1, (2-1, 3-1), N>, cobertura 100.00%
4) <1-1, (2-1, 6-1), N>, cobertura 99.99%
5) <1-1, (3-1, 4-1), g_data>, cobertura 100.00%
6) <1-1, (3-1, 5-1), g_data>, cobertura 100.00%
7) <1-1, (3-1, 4-1), value>, cobertura 100.00%
8) <1-1, (3-1, 5-1), value>, cobertura 100.00%
9) <1-1, (10-1, 11-1), tid>, cobertura 50.00%
10) <1-1, (10-1, 12-1), tid>, cobertura 87.50%
11) <1-1, (15-1, 16-1), tid>, cobertura 12.50%
12) <1-1, (15-1, 17-1), tid>, cobertura 87.50%
13) <8-1, (9-1, 10-1), s>, cobertura 100.00%
14) <8-1, (9-1, 15-1), s>, cobertura 100.00%
15) <8-1, (10-1, 11-1), s>, cobertura 50.00%
16) <8-1, (10-1, 12-1), s>, cobertura 87.50%

-- ELEMENTOS REQUERIDOS N√ÉO COBERTOS --

Threads: 112638 / 131072
Coverage for the todos-p-usos-grid criterion: 85.94%
