-- RESULTADO RESUMIDO --

-- ELEMENTOS REQUERIDOS COBERTOS --
1) <1-0, (15-0, 1-1), 4-1, N, N>, cobertura 100.00%
2) <1-0, (15-0, 1-1), 5-1, N, N>, cobertura 100.00%
3) <1-0, (15-0, 1-1), 9-1, N, N>, cobertura 100.00%
4) <13-0, (15-0, 1-1), 6-1, d_a, d_a>, cobertura 23.34%
5) <14-0, (15-0, 1-1), 10-1, d_b, d_b>, cobertura 83.40%

-- ELEMENTOS REQUERIDOS N√ÉO COBERTOS --

Threads: 16660 / 20480
Coverage for the todos-s-c-usos criterion: 81.35%
