-- RESULTADO RESUMIDO --

-- ELEMENTOS REQUERIDOS COBERTOS --
1) <1-0, (10-0, 1-1), (2-1, 3-1), size, size>, cobertura 0.10%
2) <1-0, (10-0, 1-1), (2-1, 4-1), size, size>, cobertura 99.90%

-- ELEMENTOS REQUERIDOS N√ÉO COBERTOS --

Threads: 1024 / 2048
Coverage for the todos-s-p-usos criterion: 50.00%
