-- RESULTADO RESUMIDO --

-- ELEMENTOS REQUERIDOS COBERTOS --
1) <1-1, 2-1, mode>, cobertura 100.00%
2) <1-1, 5-1, mode>, cobertura 100.00%
4) <1-1, 8-1, mode>, cobertura 100.00%
6) <1-1, 11-1, mode>, cobertura 100.00%
8) <1-1, 15-1, d_a>, cobertura 0.02%
9) <1-1, 19-1, number>, cobertura 0.02%

-- ELEMENTOS REQUERIDOS N√ÉO COBERTOS --
3) <1-1, 6-1, N>
5) <1-1, 9-1, N>
7) <1-1, 12-1, N>

Threads: 16386 / 36864
Coverage for the todos-global-c-usos-grid criterion: 44.45%
