-- RESULTADO RESUMIDO --

-- ELEMENTOS REQUERIDOS COBERTOS --
1) 8-0 9-0, coberto
2) 8-0 11-0, coberto
3) 13-0 14-0, coberto
4) 21-0 22-0, coberto
5) 21-0 24-0, coberto
6) 2-1 3-1, cobertura 0.39%
7) 2-1 4-1, cobertura 99.61%
8) 8-1 9-1, cobertura 0.39%
9) 8-1 11-1, cobertura 0.39%
10) 12-1 13-1, cobertura 0.39%
11) 12-1 14-1, cobertura 99.61%
12) 18-0 1-1, cobertura 100.00%
13) 14-1 19-0, cobertura 100.00%

-- ELEMENTOS REQUERIDOS N√ÉO COBERTOS --

Threads: 1031 / 2053
Coverage for the todas-arestas criterion: 50.22%
