-- RESULTADO RESUMIDO --

-- ELEMENTOS REQUERIDOS COBERTOS --
1) <6-1, (18-1, 19-1), s_a>, cobertura 3.81%
2) <6-1, (18-1, 20-1), s_a>, cobertura 4.13%
4) <7-1, (18-1, 20-1), s_a>, cobertura 1.17%
5) <10-1, (18-1, 19-1), s_b>, cobertura 3.81%
6) <10-1, (18-1, 20-1), s_b>, cobertura 4.13%
8) <11-1, (18-1, 20-1), s_b>, cobertura 4.13%

-- ELEMENTOS REQUERIDOS N√ÉO COBERTOS --
3) <7-1, (18-1, 19-1), s_a>
7) <11-1, (18-1, 19-1), s_b>

Threads: 867 / 32768
Coverage for the todos-bloco-p-usos-grid criterion: 2.65%
