-- RESULTADO RESUMIDO --

-- ELEMENTOS REQUERIDOS COBERTOS --
1) 2-1 3-1, cobertura 99.90%
2) 2-1 4-1, cobertura 0.10%
4) 5-1 7-1, cobertura 0.10%
6) 11-1 13-1, cobertura 0.10%
8) 16-1 18-1, cobertura 0.10%
9) 2-2 3-2, cobertura 99.90%
10) 2-2 4-2, cobertura 0.10%
12) 5-2 7-2, cobertura 0.10%
13) 12-2 13-2, cobertura 0.10%
15) 17-2 18-2, cobertura 0.10%

-- ELEMENTOS REQUERIDOS N√ÉO COBERTOS --
3) 5-1 6-1
5) 11-1 12-1
7) 16-1 17-1
11) 5-2 6-2
14) 12-2 14-2
16) 17-2 19-2

Threads: 2054 / 16384
Coverage for the todas-arestas-grid criterion: 12.54%
