-- RESULTADO RESUMIDO --

-- ELEMENTOS REQUERIDOS COBERTOS --
1) 5-1 6-1, cobertura 9.86%
2) 5-1 7-1, cobertura 99.90%
3) 9-1 10-1, cobertura 19.14%
4) 9-1 11-1, cobertura 100.00%
5) 18-1 19-1, cobertura 1.17%
6) 18-1 20-1, cobertura 1.20%
7) 17-1 22-1, cobertura 1.20%
8) 26-1 27-1, cobertura 1.20%
9) 26-1 28-1, cobertura 98.80%

-- ELEMENTOS REQUERIDOS N√ÉO COBERTOS --

Threads: 13618 / 36864
Coverage for the todas-arestas-grid criterion: 36.94%
