-- RESULTADO RESUMIDO --

-- ELEMENTOS REQUERIDOS COBERTOS --
1) <1-0, (18-0, 1-1), (2-1, 3-1), N, N>, cobertura 100.00%
2) <1-0, (18-0, 1-1), (2-1, 4-1), N, N>, cobertura 99.61%
3) <1-0, (18-0, 1-1), (6-1, 7-1), N, N>, cobertura 100.00%
4) <1-0, (18-0, 1-1), (6-1, 11-1), N, N>, cobertura 99.61%
5) <1-0, (18-0, 1-1), (8-1, 9-1), N, N>, cobertura 100.00%
6) <1-0, (18-0, 1-1), (8-1, 11-1), N, N>, cobertura 100.00%
7) <1-0, (18-0, 1-1), (12-1, 13-1), N, N>, cobertura 100.00%
8) <1-0, (18-0, 1-1), (12-1, 14-1), N, N>, cobertura 99.61%

-- ELEMENTOS REQUERIDOS N√ÉO COBERTOS --

Threads: 2045 / 2048
Coverage for the todos-s-p-usos criterion: 99.85%
