-- RESULTADO RESUMIDO --

-- ELEMENTOS REQUERIDOS COBERTOS --
1) <6-1, (18-1, 19-1), s_a>, cobertura 0.37%
2) <6-1, (18-1, 20-1), s_a>, cobertura 0.39%
4) <7-1, (18-1, 20-1), s_a>, cobertura 0.39%
5) <10-1, (18-1, 19-1), s_b>, cobertura 0.37%
6) <10-1, (18-1, 20-1), s_b>, cobertura 0.39%
8) <11-1, (18-1, 20-1), s_b>, cobertura 0.39%

-- ELEMENTOS REQUERIDOS N√ÉO COBERTOS --
3) <7-1, (18-1, 19-1), s_a>
7) <11-1, (18-1, 19-1), s_b>

Threads: 94 / 32768
Coverage for the todos-bloco-p-usos-grid criterion: 0.29%
