-- RESULTADO RESUMIDO --

-- ELEMENTOS REQUERIDOS COBERTOS --
2) <1-1, (2-1, 4-1), d_a>, cobertura 100.00%
4) <1-1, (2-1, 4-1), d_b>, cobertura 100.00%
6) <1-1, (2-1, 4-1), N>, cobertura 100.00%

-- ELEMENTOS REQUERIDOS N√ÉO COBERTOS --
1) <1-1, (2-1, 3-1), d_a>
3) <1-1, (2-1, 3-1), d_b>
5) <1-1, (2-1, 3-1), N>

Threads: 24576 / 49152
Coverage for the todos-global-p-usos-grid criterion: 50.00%
