-- RESULTADO RESUMIDO --

-- ELEMENTOS REQUERIDOS COBERTOS --
1) 5-1 6-1, cobertura 29.69%
2) 5-1 7-1, cobertura 74.12%
3) 9-1 10-1, cobertura 100.00%
4) 9-1 11-1, cobertura 100.00%
5) 18-1 19-1, cobertura 8.35%
6) 18-1 20-1, cobertura 8.81%
7) 17-1 22-1, cobertura 8.81%
8) 26-1 27-1, cobertura 8.81%
9) 26-1 28-1, cobertura 91.19%

-- ELEMENTOS REQUERIDOS N√ÉO COBERTOS --

Threads: 17604 / 36864
Coverage for the todas-arestas-grid criterion: 47.75%
