-- RESULTADO RESUMIDO --

-- ELEMENTOS REQUERIDOS COBERTOS --
1) <6-1, (18-1, 19-1), s_a>, cobertura 8.35%
2) <6-1, (18-1, 20-1), s_a>, cobertura 8.81%
3) <7-1, (18-1, 19-1), s_a>, cobertura 0.32%
4) <7-1, (18-1, 20-1), s_a>, cobertura 1.10%
5) <10-1, (18-1, 19-1), s_b>, cobertura 8.35%
6) <10-1, (18-1, 20-1), s_b>, cobertura 8.81%
7) <11-1, (18-1, 19-1), s_b>, cobertura 6.03%
8) <11-1, (18-1, 20-1), s_b>, cobertura 8.81%

-- ELEMENTOS REQUERIDOS N√ÉO COBERTOS --

Threads: 2072 / 32768
Coverage for the todos-bloco-p-usos-grid criterion: 6.32%
