-- RESULTADO RESUMIDO --

-- ELEMENTOS REQUERIDOS COBERTOS --
1) <6-1, 19-1, s_a>, cobertura 69.87%
2) <7-1, 19-1, s_a>, cobertura 0.73%
3) <10-1, 19-1, s_b>, cobertura 69.87%
4) <11-1, 19-1, s_b>, cobertura 39.55%

-- ELEMENTOS REQUERIDOS N√ÉO COBERTOS --

Threads: 7374 / 16384
Coverage for the todos-bloco-c-usos-grid criterion: 45.01%
