-- RESULTADO RESUMIDO --

-- ELEMENTOS REQUERIDOS COBERTOS --
1) <1-1, 3-1, i>, cobertura 25.00%
2) <1-1, 4-1, tid>, cobertura 25.00%
3) <1-1, 7-1, blockDim.x>, cobertura 100.00%
4) <1-1, 10-1, tid>, cobertura 50.00%
5) <1-1, 15-1, blockIdx.x>, cobertura 0.10%
6) <1-1, 10-1, sdata>, cobertura 37.50%
8) <4-1, 10-1, sdata>, cobertura 12.50%
10) <7-1, 10-1, s>, cobertura 50.00%
11) <7-1, 13-1, s>, cobertura 100.00%
12) <10-1, 10-1, sdata>, cobertura 25.00%
13) <10-1, 15-1, sdata>, cobertura 0.10%

-- ELEMENTOS REQUERIDOS N√ÉO COBERTOS --
7) <1-1, 15-1, sdata>
9) <4-1, 15-1, sdata>

Threads: 34832 / 106496
Coverage for the todos-c-usos-grid criterion: 32.71%
