-- RESULTADO RESUMIDO --

-- ELEMENTOS REQUERIDOS COBERTOS --
1) <1-1, (14-1, 15-1), N>, cobertura 48.44%
2) <1-1, (14-1, 22-1), N>, cobertura 100.00%
3) <1-1, (26-1, 27-1), N>, cobertura 48.44%
4) <1-1, (26-1, 28-1), N>, cobertura 100.00%

-- ELEMENTOS REQUERIDOS N√ÉO COBERTOS --

Threads: 3040 / 4096
Coverage for the todos-global-p-usos-grid criterion: 74.22%
