-- RESULTADO RESUMIDO --

-- ELEMENTOS REQUERIDOS COBERTOS --
1) <1-1, (2-1, 3-1), i>, cobertura 100.00%
3) <1-1, (2-1, 3-1), N>, cobertura 100.00%
5) <1-1, (3-1, 4-1), g_data>, cobertura 10.05%
6) <1-1, (3-1, 5-1), g_data>, cobertura 89.95%
7) <1-1, (3-1, 4-1), value>, cobertura 10.05%
8) <1-1, (3-1, 5-1), value>, cobertura 89.95%
9) <1-1, (9-1, 10-1), tid>, cobertura 50.00%
10) <1-1, (9-1, 11-1), tid>, cobertura 99.90%
11) <1-1, (14-1, 15-1), tid>, cobertura 0.10%
12) <1-1, (14-1, 16-1), tid>, cobertura 99.90%
13) <7-1, (8-1, 9-1), s>, cobertura 100.00%
14) <7-1, (8-1, 14-1), s>, cobertura 100.00%
15) <7-1, (9-1, 10-1), s>, cobertura 50.00%
16) <7-1, (9-1, 11-1), s>, cobertura 99.90%

-- ELEMENTOS REQUERIDOS N√ÉO COBERTOS --
2) <1-1, (2-1, 6-1), i>
4) <1-1, (2-1, 6-1), N>

Threads: 81904 / 131072
Coverage for the todos-p-usos-grid criterion: 62.49%
