-- RESULTADO RESUMIDO --

-- ELEMENTOS REQUERIDOS COBERTOS --
1) 5-1 6-1, cobertura 100.00%
3) 9-1 10-1, cobertura 100.00%
4) 9-1 11-1, cobertura 100.00%
5) 17-1 18-1, cobertura 30.86%
6) 17-1 19-1, cobertura 31.25%
7) 16-1 21-1, cobertura 31.25%
8) 25-1 26-1, cobertura 31.25%
9) 25-1 27-1, cobertura 68.75%

-- ELEMENTOS REQUERIDOS N√ÉO COBERTOS --
2) 5-1 7-1

Threads: 5052 / 9216
Coverage for the todas-arestas-grid criterion: 54.82%
