-- RESULTADO RESUMIDO --

-- ELEMENTOS REQUERIDOS COBERTOS --
1) <1-1, (13-1, 14-1), N>, cobertura 31.25%
2) <1-1, (13-1, 21-1), N>, cobertura 68.75%
3) <1-1, (25-1, 26-1), N>, cobertura 31.25%
4) <1-1, (25-1, 27-1), N>, cobertura 68.75%

-- ELEMENTOS REQUERIDOS N√ÉO COBERTOS --

Threads: 2048 / 4096
Coverage for the todos-global-p-usos-grid criterion: 50.00%
