-- RESULTADO RESUMIDO --

-- ELEMENTOS REQUERIDOS COBERTOS --
1) <6-1, 18-1, s_a>, cobertura 30.86%
3) <10-1, 18-1, s_b>, cobertura 26.17%
4) <11-1, 18-1, s_b>, cobertura 6.25%

-- ELEMENTOS REQUERIDOS N√ÉO COBERTOS --
2) <7-1, 18-1, s_a>

Threads: 648 / 4096
Coverage for the todos-bloco-c-usos-grid criterion: 15.82%
