-- RESULTADO RESUMIDO --

-- ELEMENTOS REQUERIDOS COBERTOS --
1) <1-0, 2-0, size>, coberto
2) <1-0, 3-0, sizeOutput>, coberto
3) <1-0, 6-0, h_in>, coberto
4) <1-0, 8-0, sizeOutput>, coberto
5) <1-0, 9-0, blocksize>, coberto
6) <1-0, 9-0, gridsize>, coberto
7) <4-0, 6-0, i>, coberto
8) <4-0, 7-0, i>, coberto
10) <10-0, 14-0, h_out>, coberto
11) <12-0, 14-0, i>, coberto
12) <12-0, 15-0, i>, coberto
13) <14-0, 14-0, h_out>, coberto
14) <14-0, 16-0, h_out>, coberto
15) <1-1, 3-1, i>, cobertura 100.00%
16) <1-1, 4-1, tid>, cobertura 10.05%
17) <1-1, 8-1, blockDim.x>, cobertura 100.00%
18) <1-1, 11-1, tid>, cobertura 50.00%
19) <1-1, 16-1, blockIdx.x>, cobertura 12.50%
20) <1-1, 11-1, sdata>, cobertura 45.00%
22) <4-1, 11-1, sdata>, cobertura 5.00%
24) <8-1, 11-1, s>, cobertura 50.00%
25) <8-1, 14-1, s>, cobertura 100.00%
26) <11-1, 11-1, sdata>, cobertura 25.00%
27) <11-1, 16-1, sdata>, cobertura 12.50%
28) <1-0, (5-0, 6-0), N>, coberto
29) <1-0, (5-0, 8-0), N>, coberto
30) <1-0, (11-0, 12-0), N>, coberto
32) <1-0, (13-0, 14-0), numBlock>, coberto
33) <1-0, (13-0, 16-0), numBlock>, coberto
34) <4-0, (5-0, 6-0), i>, coberto
35) <4-0, (5-0, 8-0), i>, coberto
36) <12-0, (13-0, 14-0), i>, coberto
37) <12-0, (13-0, 16-0), i>, coberto
38) <1-1, (2-1, 3-1), i>, cobertura 100.00%
40) <1-1, (2-1, 3-1), N>, cobertura 100.00%
42) <1-1, (3-1, 4-1), g_data>, cobertura 10.05%
43) <1-1, (3-1, 5-1), g_data>, cobertura 89.95%
44) <1-1, (3-1, 4-1), value>, cobertura 10.05%
45) <1-1, (3-1, 5-1), value>, cobertura 89.95%
46) <1-1, (10-1, 11-1), tid>, cobertura 50.00%
47) <1-1, (10-1, 12-1), tid>, cobertura 87.50%
48) <1-1, (15-1, 16-1), tid>, cobertura 12.50%
49) <1-1, (15-1, 17-1), tid>, cobertura 87.50%
50) <8-1, (9-1, 10-1), s>, cobertura 100.00%
51) <8-1, (9-1, 15-1), s>, cobertura 100.00%
52) <8-1, (10-1, 11-1), s>, cobertura 50.00%
53) <8-1, (10-1, 12-1), s>, cobertura 87.50%

-- ELEMENTOS REQUERIDOS N√ÉO COBERTOS --
9) <10-0, 16-0, h_out>
21) <1-1, 16-1, sdata>
23) <4-1, 16-1, sdata>
31) <1-0, (11-0, 16-0), N>
39) <1-1, (2-1, 6-1), i>
41) <1-1, (2-1, 6-1), N>

Threads: 121677 / 237592
Coverage for the todos-usos criterion: 51.21%
