-- RESULTADO RESUMIDO --

-- ELEMENTOS REQUERIDOS COBERTOS --
1) <1-1, 3-1, gridDim.x>, cobertura 100.00%
2) <1-1, 4-1, idy>, cobertura 100.00%
3) <1-1, 4-1, N>, cobertura 100.00%
4) <1-1, 4-1, threadIdx.x>, cobertura 100.00%
5) <1-1, 4-1, threadIdx.y>, cobertura 100.00%
6) <1-1, 4-1, idx>, cobertura 100.00%
7) <1-1, 5-1, N>, cobertura 100.00%
8) <1-1, 6-1, d_a>, cobertura 40.62%
9) <1-1, 6-1, threadIdx.y>, cobertura 40.62%
10) <1-1, 6-1, threadIdx.x>, cobertura 40.62%
11) <1-1, 7-1, threadIdx.y>, cobertura 62.11%
12) <1-1, 7-1, threadIdx.x>, cobertura 62.11%
13) <1-1, 9-1, N>, cobertura 100.00%
14) <1-1, 10-1, d_b>, cobertura 100.00%
15) <1-1, 10-1, threadIdx.y>, cobertura 100.00%
16) <1-1, 10-1, threadIdx.x>, cobertura 100.00%
17) <1-1, 11-1, threadIdx.y>, cobertura 100.00%
18) <1-1, 11-1, threadIdx.x>, cobertura 100.00%
19) <1-1, 18-1, threadIdx.y>, cobertura 16.50%
20) <1-1, 18-1, threadIdx.x>, cobertura 16.50%
21) <1-1, 19-1, temp_result>, cobertura 15.87%
22) <1-1, 19-1, threadIdx.y>, cobertura 15.87%
23) <1-1, 19-1, threadIdx.x>, cobertura 15.87%
24) <1-1, 27-1, pos>, cobertura 16.50%
25) <1-1, 27-1, temp_result>, cobertura 0.63%
26) <2-1, 4-1, tile_idx>, cobertura 100.00%
27) <2-1, 24-1, tile_idx>, cobertura 100.00%
28) <4-1, 6-1, posa>, cobertura 40.62%
29) <4-1, 10-1, posb>, cobertura 100.00%
30) <6-1, 19-1, s_a>, cobertura 15.87%
31) <7-1, 19-1, s_a>, cobertura 0.15%
32) <10-1, 19-1, s_b>, cobertura 15.87%
33) <11-1, 19-1, s_b>, cobertura 3.81%
34) <16-1, 18-1, i>, cobertura 16.50%
35) <16-1, 19-1, i>, cobertura 15.87%
36) <16-1, 21-1, i>, cobertura 16.50%
37) <19-1, 19-1, temp_result>, cobertura 15.87%
38) <19-1, 27-1, temp_result>, cobertura 15.87%
39) <1-1, (14-1, 15-1), idx>, cobertura 16.50%
40) <1-1, (14-1, 22-1), idx>, cobertura 83.50%
41) <1-1, (14-1, 15-1), N>, cobertura 16.50%
42) <1-1, (14-1, 22-1), N>, cobertura 83.50%
43) <1-1, (14-1, 15-1), idy>, cobertura 16.50%
44) <1-1, (14-1, 22-1), idy>, cobertura 83.50%
45) <1-1, (26-1, 27-1), idx>, cobertura 16.50%
46) <1-1, (26-1, 28-1), idx>, cobertura 83.50%
47) <1-1, (26-1, 27-1), N>, cobertura 16.50%
48) <1-1, (26-1, 28-1), N>, cobertura 83.50%
49) <1-1, (26-1, 27-1), idy>, cobertura 16.50%
50) <1-1, (26-1, 28-1), idy>, cobertura 83.50%
51) <2-1, (3-1, 4-1), tile_idx>, cobertura 100.00%
52) <2-1, (3-1, 25-1), tile_idx>, cobertura 100.00%
53) <4-1, (5-1, 6-1), posa>, cobertura 40.62%
54) <4-1, (5-1, 7-1), posa>, cobertura 62.11%
55) <4-1, (9-1, 10-1), posb>, cobertura 100.00%
56) <4-1, (9-1, 11-1), posb>, cobertura 100.00%
57) <6-1, (18-1, 19-1), s_a>, cobertura 15.87%
58) <6-1, (18-1, 20-1), s_a>, cobertura 16.50%
59) <7-1, (18-1, 19-1), s_a>, cobertura 0.15%
60) <7-1, (18-1, 20-1), s_a>, cobertura 1.07%
61) <10-1, (18-1, 19-1), s_b>, cobertura 15.87%
62) <10-1, (18-1, 20-1), s_b>, cobertura 16.50%
63) <11-1, (18-1, 19-1), s_b>, cobertura 3.81%
64) <11-1, (18-1, 20-1), s_b>, cobertura 16.50%
65) <16-1, (17-1, 18-1), i>, cobertura 16.50%
66) <16-1, (17-1, 22-1), i>, cobertura 16.50%

-- ELEMENTOS REQUERIDOS N√ÉO COBERTOS --

Threads: 136102 / 270336
Coverage for the todos-usos-grid criterion: 50.35%
