-- RESULTADO RESUMIDO --

-- ELEMENTOS REQUERIDOS COBERTOS --
1) <1-1, 3-1, gridDim.x>, cobertura 100.00%
2) <1-1, 4-1, idy>, cobertura 100.00%
3) <1-1, 4-1, N>, cobertura 100.00%
4) <1-1, 4-1, threadIdx.x>, cobertura 100.00%
5) <1-1, 4-1, threadIdx.y>, cobertura 100.00%
6) <1-1, 4-1, idx>, cobertura 100.00%
7) <1-1, 5-1, N>, cobertura 100.00%
8) <1-1, 6-1, d_a>, cobertura 100.00%
9) <1-1, 6-1, threadIdx.y>, cobertura 100.00%
10) <1-1, 6-1, threadIdx.x>, cobertura 100.00%
11) <1-1, 7-1, threadIdx.y>, cobertura 11.33%
12) <1-1, 7-1, threadIdx.x>, cobertura 11.33%
13) <1-1, 9-1, N>, cobertura 100.00%
14) <1-1, 10-1, d_b>, cobertura 95.80%
15) <1-1, 10-1, threadIdx.y>, cobertura 95.80%
16) <1-1, 10-1, threadIdx.x>, cobertura 95.80%
17) <1-1, 11-1, threadIdx.y>, cobertura 100.00%
18) <1-1, 11-1, threadIdx.x>, cobertura 100.00%
19) <1-1, 18-1, threadIdx.y>, cobertura 26.56%
20) <1-1, 18-1, threadIdx.x>, cobertura 26.56%
21) <1-1, 19-1, temp_result>, cobertura 26.56%
22) <1-1, 19-1, threadIdx.y>, cobertura 26.56%
23) <1-1, 19-1, threadIdx.x>, cobertura 26.56%
24) <1-1, 26-1, pos>, cobertura 26.56%
26) <2-1, 4-1, tile_idx>, cobertura 100.00%
27) <2-1, 23-1, tile_idx>, cobertura 100.00%
28) <4-1, 6-1, posa>, cobertura 100.00%
29) <4-1, 10-1, posb>, cobertura 95.80%
30) <6-1, 19-1, s_a>, cobertura 26.56%
32) <10-1, 19-1, s_b>, cobertura 25.10%
33) <11-1, 19-1, s_b>, cobertura 1.46%
34) <16-1, 18-1, i>, cobertura 26.56%
35) <16-1, 19-1, i>, cobertura 26.56%
36) <16-1, 21-1, i>, cobertura 26.56%
38) <19-1, 26-1, temp_result>, cobertura 26.56%
39) <1-1, (14-1, 15-1), idx>, cobertura 26.56%
40) <1-1, (14-1, 22-1), idx>, cobertura 73.44%
41) <1-1, (14-1, 15-1), N>, cobertura 26.56%
42) <1-1, (14-1, 22-1), N>, cobertura 73.44%
43) <1-1, (14-1, 15-1), idy>, cobertura 26.56%
44) <1-1, (14-1, 22-1), idy>, cobertura 73.44%
45) <1-1, (25-1, 26-1), idx>, cobertura 26.56%
46) <1-1, (25-1, 27-1), idx>, cobertura 73.44%
47) <1-1, (25-1, 26-1), N>, cobertura 26.56%
48) <1-1, (25-1, 27-1), N>, cobertura 73.44%
49) <1-1, (25-1, 26-1), idy>, cobertura 26.56%
50) <1-1, (25-1, 27-1), idy>, cobertura 73.44%
51) <2-1, (3-1, 4-1), tile_idx>, cobertura 100.00%
52) <2-1, (3-1, 24-1), tile_idx>, cobertura 100.00%
53) <4-1, (5-1, 6-1), posa>, cobertura 100.00%
54) <4-1, (5-1, 7-1), posa>, cobertura 11.33%
55) <4-1, (9-1, 10-1), posb>, cobertura 95.80%
56) <4-1, (9-1, 11-1), posb>, cobertura 100.00%
57) <6-1, (18-1, 19-1), s_a>, cobertura 26.56%
58) <6-1, (18-1, 20-1), s_a>, cobertura 26.56%
60) <7-1, (18-1, 20-1), s_a>, cobertura 2.93%
61) <10-1, (18-1, 19-1), s_b>, cobertura 25.10%
62) <10-1, (18-1, 20-1), s_b>, cobertura 26.56%
63) <11-1, (18-1, 19-1), s_b>, cobertura 1.46%
64) <11-1, (18-1, 20-1), s_b>, cobertura 26.56%
65) <16-1, (17-1, 18-1), i>, cobertura 26.56%
66) <16-1, (17-1, 22-1), i>, cobertura 26.56%

-- ELEMENTOS REQUERIDOS N√ÉO COBERTOS --
25) <1-1, 26-1, temp_result>
31) <7-1, 19-1, s_a>
37) <19-1, 19-1, temp_result>
59) <7-1, (18-1, 19-1), s_a>

Threads: 37075 / 67584
Coverage for the todos-usos-grid criterion: 54.86%
