-- RESULTADO RESUMIDO --

-- ELEMENTOS REQUERIDOS COBERTOS --
1) <6-1, (18-1, 19-1), s_a>, cobertura 24.22%
2) <6-1, (18-1, 20-1), s_a>, cobertura 25.00%
4) <7-1, (18-1, 20-1), s_a>, cobertura 0.78%
5) <10-1, (18-1, 19-1), s_b>, cobertura 24.22%
6) <10-1, (18-1, 20-1), s_b>, cobertura 25.00%
8) <11-1, (18-1, 20-1), s_b>, cobertura 25.00%

-- ELEMENTOS REQUERIDOS N√ÉO COBERTOS --
3) <7-1, (18-1, 19-1), s_a>
7) <11-1, (18-1, 19-1), s_b>

Threads: 5088 / 32768
Coverage for the todos-bloco-p-usos-grid criterion: 15.53%
