-- RESULTADO RESUMIDO --

-- ELEMENTOS REQUERIDOS COBERTOS --
1) 5-1 6-1, cobertura 78.12%
2) 5-1 7-1, cobertura 23.24%
3) 9-1 10-1, cobertura 100.00%
4) 9-1 11-1, cobertura 88.87%
5) 18-1 19-1, cobertura 59.81%
6) 18-1 20-1, cobertura 61.04%
7) 17-1 22-1, cobertura 61.04%
8) 26-1 27-1, cobertura 61.04%
9) 26-1 28-1, cobertura 38.96%

-- ELEMENTOS REQUERIDOS N√ÉO COBERTOS --

Threads: 23434 / 36864
Coverage for the todas-arestas-grid criterion: 63.57%
