-- RESULTADO RESUMIDO --

-- ELEMENTOS REQUERIDOS COBERTOS --
1) <1-0, (18-0, 1-1), N>, cobertura 100.00%
2) <16-0, (18-0, 1-1), d_a>, cobertura 100.00%
3) <17-0, (18-0, 1-1), d_b>, cobertura 100.00%
4) <1-1, (13-1, 19-0), d_a>, cobertura 100.00%
5) <1-1, (13-1, 19-0), d_b>, cobertura 100.00%
6) <1-1, (13-1, 19-0), d_c>, cobertura 99.61%
7) <12-1, (13-1, 19-0), d_c>, cobertura 0.39%

-- ELEMENTOS REQUERIDOS N√ÉO COBERTOS --

Threads: 1536 / 1792
Coverage for the todos-s-usos criterion: 85.71%
