-- RESULTADO RESUMIDO --

-- ELEMENTOS REQUERIDOS COBERTOS --
1) <1-0, (18-0, 1-1), 8-1, N, N>, cobertura 0.39%
2) <16-0, (18-0, 1-1), 8-1, d_a, d_a>, cobertura 0.39%
3) <17-0, (18-0, 1-1), 3-1, d_b, d_b>, cobertura 0.39%

-- ELEMENTOS REQUERIDOS N√ÉO COBERTOS --

Threads: 3 / 768
Coverage for the todos-s-c-usos criterion: 0.39%
